Checking file: `simple_urls.md'
[0;32mLine: `6'. url: `http://openai.com' is valid. response_code: `299'[0m
[0;32mLine: `9'. url: `https://openai.com' is valid. response_code: `299'[0m
[0;32mLine: `15'. url: `https://www.google.com/search?q=markdown' is valid. response_code: `200'[0m
[0;32mLine: `16'. url: `https://www.bing.com/search?q=links+checker' is valid. response_code: `200'[0m
[0;32mLine: `22'. url: `https://www.markdownguide.org/#overview' is valid. response_code: `200'[0m
[0;32mLine: `23'. url: `https://docs.github.com/en#readme' is valid. response_code: `200'[0m
[0;32mLine: `29'. url: `https://en.wikipedia.org' is valid. response_code: `200'[0m
[0;32mLine: `30'. url: `https://www.bbc.com' is valid. response_code: `200'[0m
[0;32mLine: `38'. url: `https://github.com' is valid. response_code: `200'[0m
[0;32mLine: `42'. url: `https://www.python.org' is valid. response_code: `200'[0m
[0;32mLine: `46'. url: `https://developer.mozilla.org' is valid. response_code: `200'[0m
[0;32mLine: `54'. url: `https://www.w3.org' is valid. response_code: `200'[0m
[0;32mLine: `58'. url: `https://www.microsoft.com' is valid. response_code: `200'[0m
