Checking file: `test_case_1.md'
[0;32mLine: `7'. url: `http://www.google.com' is valid. response_code: `200'[0m
[0;32mLine: `8'. url: `https://github.com' is valid. response_code: `200'[0m
[0;32mLine: `12'. url: `https://mail.google.com' is valid. response_code: `200'[0m
[0;32mLine: `13'. url: `https://news.bbc.co.uk' is valid. response_code: `200'[0m
Checking file: `test_case_2.md'
[0;32mLine: `7'. url: `https://www.youtube.com/results?search_query=openai' is valid. response_code: `200'[0m
[0;32mLine: `8'. url: `https://www.google.com/search?q=markdown+syntax' is valid. response_code: `200'[0m
[0;32mLine: `12'. url: `https://www.bing.com/search?q=markdown&format=rss' is valid. response_code: `200'[0m
[0;32mLine: `13'. url: `https://finance.yahoo.com/quote/AAPL?p=AAPL&.tsrc=fin-srch' is valid. response_code: `200'[0m
Checking file: `test_case_3.md'
[0;32mLine: `7'. url: `https://www.markdownguide.org/#overview' is valid. response_code: `200'[0m
[0;32mLine: `8'. url: `https://docs.github.com/en#readme' is valid. response_code: `200'[0m
[0;32mLine: `12'. url: `https://docs.python.org/3/faq/programming.html#how-do-i-use-strings' is valid. response_code: `200'[0m
[0;32mLine: `13'. url: `https://developer.mozilla.org/en-US/docs/Web/JavaScript/Guide/Introduction#overview' is valid. response_code: `200'[0m
[0;31mError on line : `17'. url: `https://en.wikipedia.org/wiki/Function_\(mathematics\'. response_code: `404'[0m
